"","Unassigned;Other;Other;Other;Other","k__Archaea;p__Euryarchaeota;c__Methanobacteria;o__Methanobacteriales;f__Methanobacteriaceae","k__Bacteria;p__Acidobacteria;c__Acidobacteria-6;o__iii1-15;f__","k__Bacteria;p__Actinobacteria;c__Actinobacteria;o__Actinomycetales;f__Actinomycetaceae","k__Bacteria;p__Actinobacteria;c__Actinobacteria;o__Actinomycetales;f__Cellulomonadaceae","k__Bacteria;p__Actinobacteria;c__Actinobacteria;o__Actinomycetales;f__Corynebacteriaceae","k__Bacteria;p__Actinobacteria;c__Actinobacteria;o__Actinomycetales;f__Dermabacteraceae","k__Bacteria;p__Actinobacteria;c__Actinobacteria;o__Actinomycetales;f__Micrococcaceae","k__Bacteria;p__Actinobacteria;c__Actinobacteria;o__Actinomycetales;f__Mycobacteriaceae","k__Bacteria;p__Actinobacteria;c__Actinobacteria;o__Actinomycetales;f__Propionibacteriaceae","k__Bacteria;p__Actinobacteria;c__Actinobacteria;o__Bifidobacteriales;f__Bifidobacteriaceae","k__Bacteria;p__Actinobacteria;c__Coriobacteriia;o__Coriobacteriales;f__Coriobacteriaceae","k__Bacteria;p__Bacteroidetes;c__Bacteroidia;o__Bacteroidales;f__","k__Bacteria;p__Bacteroidetes;c__Bacteroidia;o__Bacteroidales;f__Bacteroidaceae","k__Bacteria;p__Bacteroidetes;c__Bacteroidia;o__Bacteroidales;f__Porphyromonadaceae","k__Bacteria;p__Bacteroidetes;c__Bacteroidia;o__Bacteroidales;f__Prevotellaceae","k__Bacteria;p__Bacteroidetes;c__Bacteroidia;o__Bacteroidales;f__Rikenellaceae","k__Bacteria;p__Bacteroidetes;c__Bacteroidia;o__Bacteroidales;f__S24-7","k__Bacteria;p__Bacteroidetes;c__Bacteroidia;o__Bacteroidales;f__[Barnesiellaceae]","k__Bacteria;p__Bacteroidetes;c__Bacteroidia;o__Bacteroidales;f__[Odoribacteraceae]","k__Bacteria;p__Bacteroidetes;c__Bacteroidia;o__Bacteroidales;f__[Paraprevotellaceae]","k__Bacteria;p__Cyanobacteria;c__4C0d-2;o__YS2;f__","k__Bacteria;p__Cyanobacteria;c__Chloroplast;o__Streptophyta;f__","k__Bacteria;p__Elusimicrobia;c__Elusimicrobia;o__Elusimicrobiales;f__Elusimicrobiaceae","k__Bacteria;p__Firmicutes;c__Bacilli;o__Bacillales;f__Bacillaceae","k__Bacteria;p__Firmicutes;c__Bacilli;o__Bacillales;f__Listeriaceae","k__Bacteria;p__Firmicutes;c__Bacilli;o__Bacillales;f__Staphylococcaceae","k__Bacteria;p__Firmicutes;c__Bacilli;o__Lactobacillales;Other","k__Bacteria;p__Firmicutes;c__Bacilli;o__Lactobacillales;f__","k__Bacteria;p__Firmicutes;c__Bacilli;o__Lactobacillales;f__Aerococcaceae","k__Bacteria;p__Firmicutes;c__Bacilli;o__Lactobacillales;f__Carnobacteriaceae","k__Bacteria;p__Firmicutes;c__Bacilli;o__Lactobacillales;f__Enterococcaceae","k__Bacteria;p__Firmicutes;c__Bacilli;o__Lactobacillales;f__Lactobacillaceae","k__Bacteria;p__Firmicutes;c__Bacilli;o__Lactobacillales;f__Leuconostocaceae","k__Bacteria;p__Firmicutes;c__Bacilli;o__Lactobacillales;f__Streptococcaceae","k__Bacteria;p__Firmicutes;c__Bacilli;o__Turicibacterales;f__Turicibacteraceae","k__Bacteria;p__Firmicutes;c__Clostridia;o__Clostridiales;Other","k__Bacteria;p__Firmicutes;c__Clostridia;o__Clostridiales;f__","k__Bacteria;p__Firmicutes;c__Clostridia;o__Clostridiales;f__Christensenellaceae","k__Bacteria;p__Firmicutes;c__Clostridia;o__Clostridiales;f__Clostridiaceae","k__Bacteria;p__Firmicutes;c__Clostridia;o__Clostridiales;f__Dehalobacteriaceae","k__Bacteria;p__Firmicutes;c__Clostridia;o__Clostridiales;f__EtOH8","k__Bacteria;p__Firmicutes;c__Clostridia;o__Clostridiales;f__Eubacteriaceae","k__Bacteria;p__Firmicutes;c__Clostridia;o__Clostridiales;f__Lachnospiraceae","k__Bacteria;p__Firmicutes;c__Clostridia;o__Clostridiales;f__Peptococcaceae","k__Bacteria;p__Firmicutes;c__Clostridia;o__Clostridiales;f__Peptostreptococcaceae","k__Bacteria;p__Firmicutes;c__Clostridia;o__Clostridiales;f__Ruminococcaceae","k__Bacteria;p__Firmicutes;c__Clostridia;o__Clostridiales;f__Veillonellaceae","k__Bacteria;p__Firmicutes;c__Clostridia;o__Clostridiales;f__[Mogibacteriaceae]","k__Bacteria;p__Firmicutes;c__Clostridia;o__Clostridiales;f__[Tissierellaceae]","k__Bacteria;p__Firmicutes;c__Clostridia;o__SHA-98;f__","k__Bacteria;p__Firmicutes;c__Erysipelotrichi;o__Erysipelotrichales;f__Erysipelotrichaceae","k__Bacteria;p__Fusobacteria;c__Fusobacteriia;o__Fusobacteriales;f__Fusobacteriaceae","k__Bacteria;p__Lentisphaerae;c__[Lentisphaeria];o__Victivallales;f__Victivallaceae","k__Bacteria;p__Proteobacteria;c__Alphaproteobacteria;o__RF32;f__","k__Bacteria;p__Proteobacteria;c__Alphaproteobacteria;o__Rhodobacterales;f__Rhodobacteraceae","k__Bacteria;p__Proteobacteria;c__Alphaproteobacteria;o__Sphingomonadales;f__Erythrobacteraceae","k__Bacteria;p__Proteobacteria;c__Alphaproteobacteria;o__Sphingomonadales;f__Sphingomonadaceae","k__Bacteria;p__Proteobacteria;c__Betaproteobacteria;o__Burkholderiales;f__Alcaligenaceae","k__Bacteria;p__Proteobacteria;c__Betaproteobacteria;o__Burkholderiales;f__Oxalobacteraceae","k__Bacteria;p__Proteobacteria;c__Betaproteobacteria;o__Neisseriales;f__Neisseriaceae","k__Bacteria;p__Proteobacteria;c__Betaproteobacteria;o__Rhodocyclales;f__Rhodocyclaceae","k__Bacteria;p__Proteobacteria;c__Deltaproteobacteria;o__Desulfovibrionales;f__Desulfovibrionaceae","k__Bacteria;p__Proteobacteria;c__Gammaproteobacteria;o__Aeromonadales;f__Succinivibrionaceae","k__Bacteria;p__Proteobacteria;c__Gammaproteobacteria;o__Enterobacteriales;f__Enterobacteriaceae","k__Bacteria;p__Proteobacteria;c__Gammaproteobacteria;o__Pasteurellales;f__Pasteurellaceae","k__Bacteria;p__Proteobacteria;c__Gammaproteobacteria;o__Pseudomonadales;f__Moraxellaceae","k__Bacteria;p__Proteobacteria;c__Gammaproteobacteria;o__Xanthomonadales;f__Xanthomonadaceae","k__Bacteria;p__Synergistetes;c__Synergistia;o__Synergistales;f__Dethiosulfovibrionaceae","k__Bacteria;p__TM7;c__TM7-3;o__;f__","k__Bacteria;p__Tenericutes;c__Mollicutes;o__Anaeroplasmatales;f__Anaeroplasmataceae","k__Bacteria;p__Tenericutes;c__Mollicutes;o__RF39;f__","k__Bacteria;p__Tenericutes;c__RF3;o__ML615J-28;f__","k__Bacteria;p__Verrucomicrobia;c__Opitutae;o__[Cerasicoccales];f__[Cerasicoccaceae]","k__Bacteria;p__Verrucomicrobia;c__Verrucomicrobiae;o__Verrucomicrobiales;f__Verrucomicrobiaceae","disease"
"424",0.0,0.0,0.0,0.0,0.0,0.0,0.0,0.0,0.0,0.0,0.0252442996743,0.018451054346,0.0,0.0847762729299,0.0042216698097,0.0,0.00051431510372,0.0,0.0,0.0,0.0,0.0,0.0,0.0,0.0,0.0,0.0,0.000342876735813,0.0,0.0,0.0,0.0,0.0,0.0,0.00390022286988,0.00381450368592,0.000192868163895,0.00930053145894,0.0,0.00627893022458,0.0,0.0,0.0,0.673688496486,0.0,0.0,0.119835419167,0.0107363277902,0.0,0.0,0.0,0.0272587004972,0.0,0.0,0.0,0.0,0.0,0.0,0.007350420024,0.0,0.0,0.0,0.0,0.00272158409052,0.00120006857535,0.000171438367907,0.0,0.0,0.0,0.0,0.0,0.0,0.0,0.0,0.0,0
"556",0.0,0.0,0.0,0.000104508496541,0.0,0.0,0.0,0.0,0.0,0.0,0.0320423050394,0.00723198796062,0.0,0.0848399974918,0.00455657044918,0.0,0.00675124887653,0.0,0.0,0.00148402065088,0.0,0.0,0.0,0.0,0.0,0.0,0.0,0.0,0.0,0.0,0.0,0.0,0.0,0.0,0.00171393934327,0.000961478168175,0.000167213594465,0.0137115147461,0.000271722091006,0.00313525489622,0.0,0.0,0.0,0.425788516606,0.0,0.0,0.393119160588,0.00376230587547,0.00110779006333,0.0,0.0,0.0123738059904,0.0,0.0,0.0,0.0,0.0,0.0,0.00441025855402,0.0,0.0,0.0,0.000271722091006,0.0,0.0,0.0,0.0,0.0,0.0,0.000104508496541,0.0,0.0,0.0,0.0,0.00209016993082,0
"217",0.0,0.0,0.0,0.0,0.0,0.0,0.0,0.0,0.0,0.0,0.0286513663041,0.0559564128994,0.0,0.0068157435261,0.00185118959968,0.0330900140943,0.00856175189852,0.0,0.0,0.000105181227255,0.00555356879904,0.0,0.0,0.0,0.0,0.0,0.0,0.0,0.0,0.0,0.0,0.0,0.00220880577235,0.0,0.000589014872626,0.00504869890822,0.000357616172666,0.0381807854934,0.0185750047332,0.102299261628,0.0,0.0,0.0,0.225193007552,0.000420724909018,0.00180911710878,0.352651618739,0.0502555903822,0.00927698424385,0.0,0.0,0.0474156972464,0.0,0.0,0.0,0.0,0.0,0.0,0.00445968403559,0.0,0.0,0.0,0.00046279739992,0.0,0.0,0.000210362454509,0.0,0.0,0.0,0.0,0.0,0.0,0.0,0.0,0.0,0
"605",0.0,0.00304529881995,0.0,0.0,0.0,0.0,0.0,0.0,0.0,0.0,0.225923106205,0.0405405405405,0.000114198705748,0.026722497145,0.0027788351732,0.000875523410735,0.00723258469737,0.0,0.00414921964218,0.00118005329273,0.000913589645984,0.0,0.0,0.0,0.0,0.0,0.0,0.0,0.000190331176247,0.0,0.000114198705748,0.0,0.0,0.0,0.000190331176247,0.000304529881995,0.00102778835173,0.0307194518462,0.0186524552722,0.0201751046821,0.0,0.0,0.0,0.272896840502,0.0,0.000989722116483,0.282565664256,0.0029311001142,0.00392082223068,0.000456794822992,0.0,0.044575561477,0.000456794822992,0.000228397411496,0.0,0.0,0.0,0.0,0.00182717929197,0.0,0.0,0.0,0.0,0.0,0.00190331176247,0.0,0.0,0.0,0.0,0.0,0.0,0.00186524552722,0.0,0.000418728587743,0.000114198705748,0
"596",0.0,0.0,0.0,0.0,0.0,0.0,0.0,0.0,0.0,0.0,0.0503193060554,0.00172654088574,0.0,0.0561229796351,0.0,0.0,0.0,0.0,0.0,0.0,0.0,0.0,0.00291223763859,0.0,0.0,0.0,0.0,0.0,0.0,0.0,0.0,0.000104008487093,0.0,0.0,0.000187215276767,0.0,0.0,0.000644852619974,0.0,0.00671894826618,0.0,0.0,0.0,0.549747259376,0.0,0.0,0.267634638987,0.00235059180829,0.0,0.0,0.0,0.0599296902627,0.0,0.0,0.0,0.0,0.0,0.0,0.0,0.0,0.0,0.0,0.0,0.0,0.00160173070123,0.0,0.0,0.0,0.0,0.0,0.0,0.0,0.0,0.0,0.0,0
"149",0.0,0.000587877133679,0.0,0.0,0.0,0.0,0.0,0.000104978059586,0.0,0.000272942954922,0.0993722312037,0.0254676772555,0.0,0.0214155241555,0.00174263578912,0.0514812404208,0.00554284154612,0.0041781267715,0.0,0.00193159629637,0.00195259190829,0.0,0.0,0.0,0.0,0.0,0.0,0.0,0.0,0.000104978059586,0.0,0.0,0.0,0.0,0.00522790736736,0.0,0.000755842029016,0.0142140292679,0.000986793760104,0.0352306367969,0.0,0.0,0.0,0.404753406538,0.0,0.00188960507254,0.295030338659,0.0111906611518,0.00195259190829,0.0,0.0,0.00904910873627,0.0,0.0,0.0,0.000839824476684,0.0,0.0,0.00428310483109,0.0,0.0,0.000230951731088,0.0,0.0,0.000209956119171,0.0,0.0,0.0,0.0,0.0,0.0,0.0,0.0,0.0,0.0,0
"570",0.0,0.00540515780312,0.0,0.0,0.0,0.0,0.0,0.0,0.0,0.0,0.133296688196,0.0934909074252,0.0,0.0118180568916,0.00343548165453,0.000366451376483,0.0028858045898,0.0,0.00164903119417,0.000595483486785,0.00109935412945,0.0,0.0,0.0,0.0,0.0,0.000183225688241,0.0,0.0,0.0,0.0,0.0,0.000137419266181,0.0,0.00201548257066,0.000458064220604,0.000732902752966,0.0409051348999,0.0264761119509,0.0460812605927,0.0,0.0,0.0,0.317988181943,0.0,0.00261096605744,0.238605652512,0.000732902752966,0.00732902752966,0.0,0.0,0.0559754477578,0.0,0.0,0.000274838532362,0.0,0.0,0.0,0.0,0.0,0.0,0.0,0.00224451468096,0.0,0.0,0.0,0.0,0.0,0.0,0.0,0.0,0.0,0.00119096697357,0.0,0.00201548257066,0
"479",0.0,0.0,0.0,0.0,0.0,0.0,0.0,0.0,0.0,0.0,0.014490870102,0.0195919163039,0.0,0.0372018974592,0.00100721294431,0.136071219702,0.0111443238677,0.0,0.0,0.000649814802781,0.0,0.0,0.0,0.0,0.0,0.0,0.0,0.000162453700695,0.0,0.0,0.0,0.0,0.000942231464033,0.0,0.00243680551043,0.0026642406914,0.000389888881669,0.030151406849,0.000324907401391,0.0166677496913,0.0,0.0,0.0,0.34349210475,0.000129962960556,0.000324907401391,0.337513808565,0.0189096107609,0.00302163883293,0.0,0.0,0.00217687958932,0.0,0.0,0.0,0.0,0.0,0.0,0.0157580089674,0.0,0.0,0.0,0.000649814802781,0.0,0.000454870361947,0.00315160179349,0.0,0.0,0.0,0.0,0.0,0.0,0.0,0.0,0.000519851842225,0
"247",0.0,0.0,0.0,0.0,0.0,0.0,0.0,0.0,0.0,0.0,0.0105001693576,0.000790335327989,0.0,0.0856949305634,0.00169357570283,0.0,0.000188175078093,0.0,0.0,0.0,0.0,0.0,0.0,0.0,0.0,0.0,0.0,0.0,0.0,0.0,0.0,0.0,0.0,0.0,0.00188175078093,0.000790335327989,0.000225810093711,0.00278499115577,0.0,0.00590869745211,0.0,0.0,0.0,0.636257574047,0.0,0.000338715140567,0.227917654586,0.0060968725302,0.0,0.0,0.0,0.0136238756539,0.0,0.0,0.0,0.0,0.0,0.0,0.00485491701479,0.0,0.0,0.0,0.000451620187422,0.0,0.0,0.0,0.0,0.0,0.0,0.0,0.0,0.0,0.0,0.0,0.0,0
"148",0.0,0.0,0.0,0.0,0.0,0.000255255952105,0.0,0.0,0.0,0.0,0.0377314707384,0.00125307467397,0.0,0.0850002320509,0.00313268668492,0.0,0.0120898500951,0.0,0.0,0.0,0.0,0.0,0.0,0.0,0.0,0.0,0.0,0.0,0.0,0.0,0.0,0.0,0.000255255952105,0.0,0.00401447997401,0.00833062607324,0.000487306817654,0.0290527683668,0.000208845778995,0.039680698009,0.0,0.0,0.0,0.511161646633,0.0,0.00127627976052,0.23555483362,0.00566204111941,0.00162435605885,0.000788972942869,0.0,0.00784331925558,0.0,0.0,0.0,0.0,0.0,0.0,0.0102102380842,0.0,0.0,0.0,0.000603332250429,0.0,0.0011834594143,0.00259896969416,0.0,0.0,0.0,0.0,0.0,0.0,0.0,0.0,0.0,0
"118",0.0,0.0,0.0,0.0,0.0,0.0,0.0,0.0,0.0,0.0,0.0331588132635,0.00288442893155,0.0,0.176895481869,0.00370855148342,0.0,0.00523560209424,0.0,0.0,0.0,0.0,0.0,0.0,0.0,0.0,0.0,0.0,0.0,0.0,0.0,0.0,0.0,0.0,0.0,0.0,0.0,2.42388985844e-05,0.00925925925926,0.000145433391507,0.00996218731821,0.0,0.0,0.0,0.597246461121,0.0,0.000145433391507,0.133919914679,0.00838665891022,0.00237541206128,0.0,0.0,0.0147614892379,0.0,0.0,0.0,0.0,0.0,0.0,0.000896839247625,0.0,0.0,0.0,0.000993794841962,0.0,0.0,0.0,0.0,0.0,0.0,0.0,0.0,0.0,0.0,0.0,0.0,0
"296",0.0,0.0,0.0,0.0,0.0,0.0,0.0,0.0,0.0,0.0,0.0112775941133,0.0317798869574,0.0,0.0590007465074,0.00634531299989,0.257518396076,0.0,0.0,0.0,0.0,0.0,0.0,0.0,0.0,0.0,0.0,0.000159965873947,0.0,0.0,0.0,0.0,0.00383918097473,0.000586541537805,0.0,0.0138370480964,0.00127972699158,0.000533219579823,0.00194625146635,0.000213287831929,0.0219953076677,0.0,0.0,0.0,0.37104084462,0.0,0.000613202516796,0.145542284313,0.0162631971846,0.000133304894956,0.0,0.0,0.0219419857097,0.0,0.0,0.0,0.0,0.0,0.0,0.00527887384025,0.0,0.0,0.0,0.00069318545377,0.0,0.0275141303189,0.000666524474779,0.0,0.0,0.0,0.0,0.0,0.0,0.0,0.0,0.0,0
"507",0.0,0.00281590989088,0.0,0.0,0.0,0.0,0.0,0.0,0.000219992960225,0.0,0.00145195353749,0.00791974656811,0.0,0.0271031326998,0.00180394227385,0.0,0.00615980288631,0.0,0.00228792678634,0.000527983104541,0.0026399155227,0.0,0.0,0.0,0.0,0.00017599436818,0.0,0.00035198873636,0.0,0.0,0.0,0.000131995776135,0.0,0.0,0.00118796198522,0.00026399155227,0.000615980288631,0.0606740584301,0.00365188313974,0.023407250968,0.0,0.0,0.0,0.452217529039,0.000395987328405,0.00167194649771,0.391719464977,0.00492784230905,0.00259591693066,0.0,0.0,0.00259591693066,0.0,0.0,0.0,0.0,0.0,0.0,0.0,0.0,0.0,0.0,0.0,0.0,0.0,0.0,0.0,0.0,0.0,0.0,0.0,0.00026399155227,0.0,0.0,0.000219992960225,0
"170",0.0,0.0,0.0,0.000229534878868,0.0,0.0,0.0,0.0,0.0,0.0,0.0236003589091,0.000438202950567,0.0,0.10904993427,0.0,0.246916929241,0.0,0.0,0.0,0.0,0.0,0.0,0.0,0.0,0.0,0.0,0.000146067650189,0.0,0.0,0.0,0.0,0.000166934457359,0.00755378419548,0.0,0.0498090687144,0.00108507397283,0.0,0.00724078208793,0.0,0.0196773991612,0.0,0.0,0.0,0.385034325898,0.0,0.000271268493208,0.119379003819,0.0185923251883,0.0,0.000187801264529,0.0,0.00248315005321,0.0,0.0,0.0,0.0,0.0,0.0,0.00536276944265,0.0,0.0,0.0,0.0,0.0,0.000688604636605,0.00208668071698,0.0,0.0,0.0,0.0,0.0,0.0,0.0,0.0,0.0,0
"188",0.0,0.00435706918689,0.0,0.0,0.0,0.0,0.0,0.0,0.0,0.0,0.13498495022,0.0184386116315,0.0,0.0446020753962,0.00486223662885,0.0,0.0105453703509,0.0,0.00214696162832,0.000926140310257,0.000378875581469,0.0,0.0,0.0,0.0,0.0,0.0,0.0,0.0,0.0,0.0,0.0,0.000442021511714,0.0,0.00389399903176,0.00204171841125,0.000315729651224,0.0623039845082,0.00926140310257,0.00852470058305,0.0,0.0,0.0,0.301963838431,0.0,0.000673556589278,0.36532025511,0.00442021511714,0.00145235639563,0.0,0.0,0.00458860426446,0.0,0.0,0.0,0.0,0.0,0.0,0.00261003178345,0.0,0.0,0.0,0.00185228062051,0.0,0.000231535077564,0.0,0.0,0.0,0.0,0.0,0.0,0.0,0.0,0.0,0.00886147887769,0
"459",0.0,0.0,0.0,0.0,0.0,0.0,0.0,0.0,0.0,0.0,0.00298421680888,0.0105442327247,0.0,0.193089880189,0.0111631813962,0.0,0.00809054334851,0.000154737167868,0.0,0.0019010566338,0.0,0.0,0.0,0.0,0.0,0.0,0.0,0.0,0.0,0.0,0.0,0.0,0.000707369910252,0.0,0.00360316548035,0.0,8.84212387816e-05,0.011317918564,0.0,0.00342632300279,0.0,0.0,0.0,0.504487377868,0.0,0.000110526548477,0.208077280163,0.00888633449755,0.000309474335735,0.0,0.0,0.0159821389098,0.0,0.0,0.0,0.0,0.0,0.0,0.0136831867014,0.0,0.0,0.0,0.00139263451081,0.0,0.0,0.0,0.0,0.0,0.0,0.0,0.0,0.0,0.0,0.0,0.0,0
"222",0.0,0.0,0.000183939457641,0.0,0.000105108261509,0.0,0.000157662392264,0.0,0.000105108261509,0.00078831196132,0.0381017447971,0.00888164809754,0.0,0.0311908766029,0.000236493588396,0.226849905403,0.00102480554972,0.000105108261509,0.0,0.0,0.0157662392264,0.00118246794198,0.000183939457641,0.0,0.000236493588396,0.000210216523019,0.000683203699811,0.0,0.0,0.0,0.0,0.000131385326887,0.0736283371873,0.0,0.0114042463738,0.00102480554972,0.000183939457641,0.0111151986546,0.000814589026697,0.00940718940509,0.0,0.0,0.0,0.319082404877,0.0,0.000210216523019,0.160605423586,0.0241749001472,0.000341601849905,0.0,0.0,0.0521074206433,0.0,0.0,0.0,0.000578095438301,0.000315324784528,0.000157662392264,0.00436199285264,0.0,0.000105108261509,0.000131385326887,0.0,0.0,0.000630649569056,0.00294303132226,0.000131385326887,0.000236493588396,0.0,0.0,0.0,0.000183939457641,0.0,0.0,0.0,0
"273",0.000155096470004,0.0,0.0,0.00034121223401,0.0,0.0,0.0,0.000186115764005,0.0,0.0,0.000527327998015,0.00638997456418,0.0,0.427476890626,0.0243191264967,0.0,0.0180532291085,0.0,0.00390843104411,0.00210931199206,0.0,0.0,0.0,0.0,0.000217135058006,0.000186115764005,0.000279173646008,0.000310192940009,0.0,0.0,0.0,0.00037223152801,0.00034121223401,0.0,0.0129040263044,0.000682424468019,0.0,0.000992617408028,0.000186115764005,0.0287859048328,0.0,0.0,0.00117873317203,0.359761771822,0.000465289410013,0.00071344376202,0.0283516347168,0.0231714126186,0.00167504187605,0.0,0.0,0.0160369749984,0.0,0.0,0.0,0.0,0.0,0.0,0.035889323159,0.0,0.0,0.0,0.00303989081209,0.0,0.0,0.000992617408028,0.0,0.0,0.0,0.0,0.0,0.0,0.0,0.0,0.0,0
"534",0.0,0.0,0.0,0.0,0.0,0.0,0.0,0.0,0.0,0.0,0.0495326126691,0.0110971852316,0.0,0.0638675648859,0.00425609692412,0.00336832210559,0.00785941824638,0.0,0.0,0.000313332288892,0.0,0.0,0.0,0.0,0.0,0.0,0.000156666144446,0.0,0.0,0.0,0.0,0.00250665831114,0.0,0.0,0.00697164342786,0.000287221264818,2.61110240744e-05,0.037573763643,0.000208888192595,0.0241004752206,0.0,0.0,0.0,0.353412710847,0.0,0.00125332915557,0.38618204606,0.00838163872787,0.00174943861298,0.0,0.0,0.0197399342002,0.0,0.0,0.0,0.0,0.0,0.0,0.00801608439083,0.0,0.0,0.0,0.0,0.0,0.00845997180009,0.00041777638519,0.0,0.0,0.0,0.0,0.0,0.0,0.0,0.0,0.000261110240744,0
"519",0.0,0.0,0.0,0.0,0.0,0.0,0.0,0.0,0.0,0.0,0.0125880538535,0.000500187570339,0.0,0.312075361594,0.028802467592,0.0,0.128589887875,0.0,0.0,0.00621066233171,0.0,0.0,0.0,0.0,0.0,0.0,0.0,0.0,0.0,0.0,0.0,0.0,0.0,0.0,0.0,0.0,0.0,0.0140052519695,0.000500187570339,0.00120878662832,0.0,0.0,0.00112542203326,0.172523029469,0.000416822975282,0.0,0.281063732233,0.00333458380226,0.000666916760452,0.0,0.0,0.0119211370931,0.0,0.0,0.0,0.0,0.0,0.0,0.0105039389771,0.0,0.0,0.0,0.00279271393439,0.0,0.000291776082698,0.000291776082698,0.0,0.0,0.0,0.0,0.0,0.0,0.0,0.0,0.0105873035722,0
"622",0.0,0.0,0.0,0.0,0.0,0.0,0.0,0.0,0.0,0.0,0.00387516434849,0.0046709570272,0.0,0.0810670541831,0.00463635734551,0.552141720296,0.00134938758563,0.0,0.000726593315341,0.000311397135146,0.0,0.0,0.0,0.0,0.000103799045049,0.0,0.0,0.0,0.0,0.0,0.0,0.0,0.0,0.0,0.0,0.00290637326137,0.0,0.00598574493115,0.0,0.017126842433,0.0,0.0,0.0,0.0862570064355,0.0,0.00128018822227,0.18050653934,0.0125596844509,0.0,0.0,0.0,0.0107951006851,0.00024219777178,0.0,0.0,0.0,0.0,0.0,0.0225243927756,0.0,0.0,0.0,0.000345996816829,0.0,0.00166078472078,0.0089267178742,0.0,0.0,0.0,0.0,0.0,0.0,0.0,0.0,0.0,0
"314",0.0,0.0,0.0,0.0,0.0,0.0,0.0,0.0,0.0,0.0,0.0163011397176,0.00594832674931,0.0,0.0654770013168,0.00672024701448,0.0220678381692,0.0339190845934,0.0,0.00140761930709,0.00267901739091,0.0,0.0,0.0,0.0,0.0,0.0,0.0,0.0,0.0,0.0,0.0,0.000181628297689,0.0,0.0,0.000227035372111,0.000136221223267,4.54070744222e-05,0.145847523044,0.00608454797257,0.00622076919584,0.00127139808382,0.0,0.000136221223267,0.0886346092721,0.000181628297689,0.000227035372111,0.528402125051,0.0287880851837,0.000681106116333,0.0,0.00104436271171,0.00840030876811,0.0,0.0,0.0,0.0,0.0,0.0,0.00998955637288,0.000181628297689,0.0,0.0,0.00104436271171,0.0,0.00785542387504,0.000136221223267,0.0,0.0,0.0,0.0,0.000317849520955,0.000317849520955,0.00281523861418,0.0,0.00631158334469,0
"516",0.0,0.0,0.0,0.0,0.0,0.0,0.0,0.0,0.0,0.0,0.0142563911177,0.00582198171301,0.0,0.233252472476,0.00171673819742,0.000186601977981,0.0251539466318,0.0,0.0,0.0,0.0,0.0,0.0,0.0,0.0,0.0,0.0,0.0,0.0,0.0,0.0,0.0,0.00697891397649,0.0,0.00742675872364,0.000111961186789,3.73203955962e-05,0.0366486284755,0.000634446725135,0.0142190707221,0.0,0.0,0.0,0.42474342228,0.0,0.0,0.177980966598,0.0215711886546,0.001940660571,0.0,0.0,0.0194812465012,0.0,0.0,0.0,0.0,0.0,0.0,0.00649374883374,0.0,0.0,0.0,0.000821048703116,0.0,0.000186601977981,0.000223922373577,0.0,0.0,0.000111961186789,0.0,0.0,0.0,0.0,0.0,0.0,0
"243",0.0,0.0,0.0,0.0,0.0,0.0,0.0,0.0,0.0,0.0,0.00910264890233,0.00330719077766,0.0,0.00384264071309,0.00144886453117,0.534284544395,0.00286623200731,0.00639390217015,0.000125988220101,0.00107089987086,0.0208195533718,0.0129767866704,0.0,0.0117169044694,0.0,0.0,0.0,0.0,0.0,0.0,0.0,0.0,0.0,0.0,0.000377964660304,0.000314970550254,0.0,0.0162209833381,0.00113389398091,0.00611042867492,0.0,0.0,0.0,0.106491543041,0.000220479385177,0.0,0.220227408737,0.0130712778355,0.0021103026867,0.0,0.0,0.0170399067687,0.0,0.0,0.0,0.0,0.0,0.0,0.0019843144666,0.000283473495228,0.0,0.0,0.00245677029198,0.0,0.00214179974172,0.0,0.0,0.0,0.0,0.0,0.0,0.0018583262465,0.0,0.0,0.0,0
"497",0.0,0.0,0.0,0.0,0.0,0.0,0.0,0.0,0.0,0.0,0.010621582553,0.00307963044435,0.0,0.243290805103,0.00232543523349,0.0,0.0,0.0,0.0,0.00804474891584,0.0,0.0,0.0,0.0,0.0,0.0,0.0,0.0,0.0,0.0,0.0,0.0,0.0,0.0,0.00025139840362,0.0,0.0,0.034441581296,0.0,0.0136383633964,0.0,0.0,0.0,0.269876186286,0.0,0.00012569920181,0.333668531205,0.00483941926969,0.00025139840362,0.000188548802715,0.0,0.00672490729684,0.0,0.0,0.0,0.0,0.0,0.0,0.0651121865376,0.0,0.0,0.0,0.0024511344353,0.0,0.00050279680724,0.000565646408145,0.0,0.0,0.0,0.0,0.0,0.0,0.0,0.0,0.0,0
"499",0.000406559154357,0.0,0.0,0.0,0.0,0.0,0.0,0.0,0.0,0.0,0.017075484483,0.0145683696978,0.0,0.0490581379591,0.00199891584226,0.0,0.00843610245291,0.0,0.000304919365768,0.00101639788589,0.0,0.0,0.0,0.0,0.0,0.0,0.0,0.000169399647649,0.0,0.0,0.0,0.0,0.0,0.0,0.00132131725166,0.000237159506708,0.0,0.0534625287979,0.0357433256539,0.00389619189592,0.000271039436238,0.0,0.0,0.178479468763,0.0,0.000135519718119,0.596930478385,0.00613226724488,0.00298143379862,0.0,0.000203279577178,0.0162623661743,0.0,0.0,0.00203279577178,0.0,0.0,0.0,0.00254099471473,0.000271039436238,0.0,0.0,0.00155847675837,0.0,0.00155847675837,0.0,0.0,0.0,0.0,0.0,0.0,0.0,0.000609838731535,0.0,0.00233771513755,0
"500",0.0,0.0,0.0,0.0,0.0,0.0,0.0,0.0,0.0,0.0,0.00885229316547,0.00688511690647,0.0,0.0571324190647,0.00562050359712,0.0,0.0112129046763,0.00174235611511,0.0033160971223,0.00348471223022,0.0,0.0,0.0,0.0,0.0,0.0,0.0,0.0,0.0,0.0,0.0,0.0,0.0,0.000224820143885,0.00297886690647,0.00188286870504,2.81025179856e-05,0.0599145683453,0.00483363309353,0.0104541366906,0.000309127697842,0.000337230215827,0.0,0.237381969424,0.000140512589928,0.000196717625899,0.527737185252,0.0232126798561,0.000814973021583,0.0,0.0,0.00573291366906,0.0,0.0,0.0,0.0,0.0,0.0,0.00266973920863,0.0,0.0,0.0,0.00432778776978,0.0,0.00160184352518,0.0,0.0,0.0,0.0,0.0,0.0,0.0,0.00132081834532,0.0,0.015653102518,0
"566",0.0,0.0,0.0,0.0,0.0,0.0,0.0,0.0,0.0,0.0,0.0,0.00198765994451,0.0,0.117893080459,0.00575593192265,0.000207047910887,0.00670835231273,0.0,0.000828191643546,0.000662553314837,0.0,0.0,0.0,0.0,0.0,0.0,0.0,0.0,0.0,0.0,0.0,0.0,0.0,0.0,0.00645989481966,0.0,0.0,0.0122572363245,0.0,0.0,0.0,0.0,0.0,0.767319557746,0.0,0.0,0.0652615015114,0.0027330324237,0.000786782061369,0.0,0.0,0.00443082529297,0.0,0.0,0.0,0.0,0.0,0.0,0.00227752701975,0.0,0.0,0.0,0.000372686239596,0.0,0.00405813905338,0.0,0.0,0.0,0.0,0.0,0.0,0.0,0.0,0.0,0.0,0
"482",0.0,0.0,0.0,0.0,0.0,0.0,0.0,0.0,0.0,0.0,0.00265283403207,0.00352921670338,0.0,0.268907363983,0.0156090859566,0.0,0.0974916506786,0.0,0.00679788720718,0.00914280300339,0.0,0.0,0.0,0.0,0.0,0.0,0.0,0.0,0.0,0.0,0.0,0.0,0.0,0.0,0.000568464435444,0.0,0.0,0.0129088798882,0.0098060115114,0.00393187901182,0.0,0.000402662308439,0.0,0.21651389185,0.000213174163291,0.000165802127004,0.316847864705,0.0090954309671,0.00132641701604,0.0,0.0,0.0027238920865,0.0,0.0,0.0,0.0,0.0,0.0,0.0148748193941,0.000568464435444,0.0,0.0,0.00213174163291,0.0,0.000829010635022,0.0,0.0,0.0,0.0,0.0,0.0,0.0,0.0,0.0,0.00296075226794,0
"574",0.0,0.0,0.0,0.0,0.0,0.0,0.0,0.0,0.0,0.0,0.0220316991884,0.0309105248429,0.0,0.067138168774,0.0057241712672,0.0,0.0120334800417,0.0,0.00188261632788,0.000890426641565,0.00536800061058,0.0,0.0,0.0,0.0,0.0,0.0,0.000178085328313,0.0,0.0,0.0,0.0,0.0,0.0,0.000305289134251,0.000992189686315,2.54407611876e-05,0.0105579158928,0.00200982013382,0.0197674714427,0.0,0.0,0.0,0.2253542626,0.0,0.000686900552065,0.551988195487,0.0295112829776,0.00178085328313,0.000127203805938,0.0,0.00282392449182,0.0,0.0,0.0,0.0,0.0,0.0,0.00501182995395,0.0,0.0,0.0,0.00264583916351,0.0,0.000254407611876,0.0,0.0,0.0,0.0,0.0,0.0,0.0,0.0,0.0,0.0,0